VIPLite driver software version 2.0.3.2-AW-2024-08-30
phase,name=init,time_us=3558.000
phase,name=create_network,time_us=314.417
network,inputs=2,outputs=1
tensor,kind=input,index=0,format=2,quant=1,dims=2,shape=655360x1
buffer,kind=input,index=0,bytes=655360
tensor,kind=input,index=1,format=3,quant=1,dims=4,shape=1x1x5120x1
buffer,kind=input,index=1,bytes=5120
tensor,kind=output,index=0,format=3,quant=1,dims=4,shape=1x1x1024x1
buffer,kind=output,index=0,bytes=1024
phase,name=create_buffers,time_us=562.625
phase,name=prepare,time_us=2173.792
iteration,index=0,kind=first,h2d_us=525.000,run_us=28633.500,d2h_us=21.917,device_profile_status=0,device_us=28341,cycles=28450436,repeat_equal=1
iteration,index=1,kind=steady,h2d_us=243.500,run_us=28581.583,d2h_us=21.417,device_profile_status=0,device_us=28271,cycles=28409699,repeat_equal=0
iteration,index=2,kind=steady,h2d_us=228.750,run_us=28481.250,d2h_us=22.542,device_profile_status=0,device_us=28297,cycles=28407753,repeat_equal=0
iteration,index=3,kind=steady,h2d_us=240.000,run_us=28540.875,d2h_us=20.791,device_profile_status=0,device_us=28299,cycles=28412900,repeat_equal=1
iteration,index=4,kind=steady,h2d_us=237.125,run_us=28566.000,d2h_us=23.125,device_profile_status=0,device_us=28320,cycles=28416297,repeat_equal=1
iteration,index=5,kind=steady,h2d_us=229.708,run_us=28571.958,d2h_us=21.375,device_profile_status=0,device_us=28286,cycles=28410824,repeat_equal=0
iteration,index=6,kind=steady,h2d_us=231.375,run_us=28671.208,d2h_us=24.750,device_profile_status=0,device_us=28410,cycles=28473009,repeat_equal=1
iteration,index=7,kind=steady,h2d_us=252.208,run_us=28690.583,d2h_us=25.000,device_profile_status=0,device_us=28360,cycles=28547320,repeat_equal=1
iteration,index=8,kind=steady,h2d_us=255.792,run_us=28619.375,d2h_us=25.125,device_profile_status=0,device_us=28417,cycles=28599514,repeat_equal=0
iteration,index=9,kind=steady,h2d_us=231.917,run_us=28821.750,d2h_us=36.416,device_profile_status=0,device_us=28520,cycles=28585773,repeat_equal=1
iteration,index=10,kind=steady,h2d_us=529.167,run_us=29137.292,d2h_us=35.792,device_profile_status=0,device_us=28636,cycles=28582549,repeat_equal=0
iteration,index=11,kind=steady,h2d_us=520.208,run_us=29053.958,d2h_us=33.459,device_profile_status=0,device_us=28504,cycles=28513368,repeat_equal=1
iteration,index=12,kind=steady,h2d_us=522.875,run_us=29111.042,d2h_us=38.333,device_profile_status=0,device_us=28631,cycles=28576896,repeat_equal=1
iteration,index=13,kind=steady,h2d_us=526.542,run_us=29080.583,d2h_us=34.583,device_profile_status=0,device_us=28597,cycles=28567211,repeat_equal=0
iteration,index=14,kind=steady,h2d_us=521.750,run_us=29166.625,d2h_us=34.792,device_profile_status=0,device_us=28596,cycles=28585925,repeat_equal=1
iteration,index=15,kind=steady,h2d_us=516.791,run_us=29140.834,d2h_us=34.917,device_profile_status=0,device_us=28586,cycles=28553105,repeat_equal=0
iteration,index=16,kind=steady,h2d_us=524.834,run_us=29202.541,d2h_us=38.416,device_profile_status=0,device_us=28632,cycles=28566328,repeat_equal=1
iteration,index=17,kind=steady,h2d_us=529.167,run_us=28805.958,d2h_us=28.958,device_profile_status=0,device_us=28228,cycles=28403824,repeat_equal=0
iteration,index=18,kind=steady,h2d_us=513.750,run_us=28666.875,d2h_us=28.125,device_profile_status=0,device_us=28287,cycles=28405452,repeat_equal=1
iteration,index=19,kind=steady,h2d_us=516.500,run_us=28672.791,d2h_us=23.125,device_profile_status=0,device_us=28288,cycles=28408230,repeat_equal=1
iteration,index=20,kind=steady,h2d_us=499.709,run_us=28843.042,d2h_us=31.250,device_profile_status=0,device_us=28440,cycles=28400017,repeat_equal=1
iteration,index=21,kind=steady,h2d_us=504.625,run_us=28936.667,d2h_us=30.666,device_profile_status=0,device_us=28435,cycles=28404694,repeat_equal=1
iteration,index=22,kind=steady,h2d_us=506.708,run_us=28755.667,d2h_us=28.917,device_profile_status=0,device_us=28289,cycles=28407640,repeat_equal=1
iteration,index=23,kind=steady,h2d_us=516.042,run_us=28813.375,d2h_us=32.291,device_profile_status=0,device_us=28442,cycles=28401757,repeat_equal=1
iteration,index=24,kind=steady,h2d_us=511.417,run_us=28930.583,d2h_us=30.958,device_profile_status=0,device_us=28444,cycles=28403355,repeat_equal=0
iteration,index=25,kind=steady,h2d_us=510.084,run_us=28700.125,d2h_us=29.833,device_profile_status=0,device_us=28306,cycles=28407376,repeat_equal=1
iteration,index=26,kind=steady,h2d_us=585.583,run_us=28849.500,d2h_us=30.333,device_profile_status=0,device_us=28433,cycles=28403506,repeat_equal=1
iteration,index=27,kind=steady,h2d_us=504.375,run_us=28934.708,d2h_us=30.916,device_profile_status=0,device_us=28441,cycles=28402487,repeat_equal=1
iteration,index=28,kind=steady,h2d_us=504.292,run_us=28859.791,d2h_us=30.959,device_profile_status=0,device_us=28446,cycles=28404053,repeat_equal=1
iteration,index=29,kind=steady,h2d_us=506.083,run_us=28969.333,d2h_us=30.625,device_profile_status=0,device_us=28470,cycles=28399959,repeat_equal=1
