VIPLite driver software version 2.0.3.2-AW-2024-08-30
phase,name=init,time_us=3598.917
phase,name=create_network,time_us=248.709
network,inputs=2,outputs=1
tensor,kind=input,index=0,format=2,quant=1,dims=2,shape=720x4
buffer,kind=input,index=0,bytes=2880
tensor,kind=input,index=1,format=2,quant=1,dims=2,shape=5440x1
buffer,kind=input,index=1,bytes=5440
tensor,kind=output,index=0,format=8,quant=1,dims=2,shape=16x1
buffer,kind=output,index=0,bytes=64
phase,name=create_buffers,time_us=206.792
phase,name=prepare,time_us=92.917
iteration,index=0,kind=first,h2d_us=18.917,run_us=387.500,d2h_us=3.250,device_profile_status=0,device_us=232,cycles=185190,repeat_equal=1
iteration,index=1,kind=steady,h2d_us=6.542,run_us=328.541,d2h_us=2.583,device_profile_status=0,device_us=228,cycles=186033,repeat_equal=1
iteration,index=2,kind=steady,h2d_us=5.125,run_us=283.791,d2h_us=2.709,device_profile_status=0,device_us=190,cycles=184533,repeat_equal=1
iteration,index=3,kind=steady,h2d_us=4.833,run_us=242.958,d2h_us=2.292,device_profile_status=0,device_us=191,cycles=185400,repeat_equal=1
iteration,index=4,kind=steady,h2d_us=5.000,run_us=239.750,d2h_us=2.375,device_profile_status=0,device_us=190,cycles=184292,repeat_equal=1
iteration,index=5,kind=steady,h2d_us=5.000,run_us=239.000,d2h_us=2.208,device_profile_status=0,device_us=189,cycles=183871,repeat_equal=1
iteration,index=6,kind=steady,h2d_us=4.958,run_us=248.292,d2h_us=2.916,device_profile_status=0,device_us=197,cycles=188829,repeat_equal=1
iteration,index=7,kind=steady,h2d_us=5.667,run_us=244.583,d2h_us=2.333,device_profile_status=0,device_us=192,cycles=184523,repeat_equal=1
iteration,index=8,kind=steady,h2d_us=5.084,run_us=240.250,d2h_us=2.584,device_profile_status=0,device_us=190,cycles=184277,repeat_equal=1
iteration,index=9,kind=steady,h2d_us=4.958,run_us=239.583,d2h_us=2.292,device_profile_status=0,device_us=190,cycles=184531,repeat_equal=1
iteration,index=10,kind=steady,h2d_us=4.958,run_us=240.625,d2h_us=2.333,device_profile_status=0,device_us=190,cycles=185150,repeat_equal=1
iteration,index=11,kind=steady,h2d_us=4.958,run_us=241.375,d2h_us=2.375,device_profile_status=0,device_us=191,cycles=185165,repeat_equal=1
iteration,index=12,kind=steady,h2d_us=4.916,run_us=240.209,d2h_us=2.666,device_profile_status=0,device_us=189,cycles=184146,repeat_equal=1
iteration,index=13,kind=steady,h2d_us=4.875,run_us=239.916,d2h_us=2.375,device_profile_status=0,device_us=190,cycles=184419,repeat_equal=1
iteration,index=14,kind=steady,h2d_us=5.000,run_us=238.791,d2h_us=2.416,device_profile_status=0,device_us=189,cycles=183875,repeat_equal=1
iteration,index=15,kind=steady,h2d_us=4.875,run_us=241.250,d2h_us=2.333,device_profile_status=0,device_us=191,cycles=185498,repeat_equal=1
iteration,index=16,kind=steady,h2d_us=5.208,run_us=239.875,d2h_us=2.291,device_profile_status=0,device_us=191,cycles=184589,repeat_equal=1
iteration,index=17,kind=steady,h2d_us=4.875,run_us=240.667,d2h_us=2.208,device_profile_status=0,device_us=190,cycles=184850,repeat_equal=1
iteration,index=18,kind=steady,h2d_us=5.125,run_us=240.541,d2h_us=2.291,device_profile_status=0,device_us=191,cycles=184855,repeat_equal=1
iteration,index=19,kind=steady,h2d_us=5.041,run_us=241.375,d2h_us=2.333,device_profile_status=0,device_us=191,cycles=184856,repeat_equal=1
iteration,index=20,kind=steady,h2d_us=5.000,run_us=239.792,d2h_us=2.250,device_profile_status=0,device_us=190,cycles=184549,repeat_equal=1
iteration,index=21,kind=steady,h2d_us=4.834,run_us=245.500,d2h_us=2.750,device_profile_status=0,device_us=193,cycles=186733,repeat_equal=1
iteration,index=22,kind=steady,h2d_us=5.542,run_us=241.292,d2h_us=2.500,device_profile_status=0,device_us=190,cycles=184054,repeat_equal=1
iteration,index=23,kind=steady,h2d_us=5.000,run_us=241.875,d2h_us=2.333,device_profile_status=0,device_us=192,cycles=185950,repeat_equal=1
iteration,index=24,kind=steady,h2d_us=5.125,run_us=239.375,d2h_us=2.292,device_profile_status=0,device_us=189,cycles=184407,repeat_equal=1
iteration,index=25,kind=steady,h2d_us=4.958,run_us=240.666,d2h_us=2.292,device_profile_status=0,device_us=191,cycles=184799,repeat_equal=1
iteration,index=26,kind=steady,h2d_us=5.625,run_us=242.583,d2h_us=2.333,device_profile_status=0,device_us=192,cycles=186065,repeat_equal=1
iteration,index=27,kind=steady,h2d_us=5.042,run_us=240.542,d2h_us=2.333,device_profile_status=0,device_us=190,cycles=184248,repeat_equal=1
iteration,index=28,kind=steady,h2d_us=4.917,run_us=239.417,d2h_us=2.292,device_profile_status=0,device_us=190,cycles=184122,repeat_equal=1
iteration,index=29,kind=steady,h2d_us=4.959,run_us=239.625,d2h_us=2.333,device_profile_status=0,device_us=190,cycles=184277,repeat_equal=1
iteration,index=30,kind=steady,h2d_us=5.000,run_us=240.250,d2h_us=2.375,device_profile_status=0,device_us=190,cycles=184859,repeat_equal=1
iteration,index=31,kind=steady,h2d_us=5.125,run_us=241.542,d2h_us=2.292,device_profile_status=0,device_us=191,cycles=185390,repeat_equal=1
iteration,index=32,kind=steady,h2d_us=4.916,run_us=239.791,d2h_us=2.292,device_profile_status=0,device_us=190,cycles=184540,repeat_equal=1
iteration,index=33,kind=steady,h2d_us=5.000,run_us=240.458,d2h_us=2.208,device_profile_status=0,device_us=190,cycles=184751,repeat_equal=1
iteration,index=34,kind=steady,h2d_us=5.000,run_us=240.583,d2h_us=2.417,device_profile_status=0,device_us=191,cycles=184847,repeat_equal=1
iteration,index=35,kind=steady,h2d_us=5.042,run_us=241.583,d2h_us=2.375,device_profile_status=0,device_us=191,cycles=184853,repeat_equal=1
iteration,index=36,kind=steady,h2d_us=4.958,run_us=240.292,d2h_us=2.458,device_profile_status=0,device_us=190,cycles=184397,repeat_equal=1
iteration,index=37,kind=steady,h2d_us=5.375,run_us=240.541,d2h_us=2.250,device_profile_status=0,device_us=190,cycles=184434,repeat_equal=1
iteration,index=38,kind=steady,h2d_us=5.041,run_us=240.209,d2h_us=2.333,device_profile_status=0,device_us=191,cycles=185104,repeat_equal=1
iteration,index=39,kind=steady,h2d_us=5.167,run_us=239.708,d2h_us=2.292,device_profile_status=0,device_us=189,cycles=184039,repeat_equal=1
iteration,index=40,kind=steady,h2d_us=5.083,run_us=239.833,d2h_us=2.292,device_profile_status=0,device_us=190,cycles=184237,repeat_equal=1
iteration,index=41,kind=steady,h2d_us=5.000,run_us=240.292,d2h_us=2.291,device_profile_status=0,device_us=191,cycles=184842,repeat_equal=1
iteration,index=42,kind=steady,h2d_us=4.875,run_us=241.125,d2h_us=2.333,device_profile_status=0,device_us=191,cycles=184839,repeat_equal=1
iteration,index=43,kind=steady,h2d_us=4.833,run_us=241.417,d2h_us=2.333,device_profile_status=0,device_us=191,cycles=184859,repeat_equal=1
iteration,index=44,kind=steady,h2d_us=4.959,run_us=239.208,d2h_us=2.417,device_profile_status=0,device_us=190,cycles=184385,repeat_equal=1
iteration,index=45,kind=steady,h2d_us=5.000,run_us=240.250,d2h_us=2.291,device_profile_status=0,device_us=191,cycles=184848,repeat_equal=1
iteration,index=46,kind=steady,h2d_us=5.041,run_us=240.750,d2h_us=2.333,device_profile_status=0,device_us=191,cycles=185399,repeat_equal=1
iteration,index=47,kind=steady,h2d_us=4.875,run_us=241.291,d2h_us=2.334,device_profile_status=0,device_us=191,cycles=185488,repeat_equal=1
iteration,index=48,kind=steady,h2d_us=4.834,run_us=239.916,d2h_us=2.375,device_profile_status=0,device_us=191,cycles=184534,repeat_equal=1
iteration,index=49,kind=steady,h2d_us=4.917,run_us=240.875,d2h_us=2.250,device_profile_status=0,device_us=192,cycles=185438,repeat_equal=1
iteration,index=50,kind=steady,h2d_us=5.000,run_us=240.542,d2h_us=2.250,device_profile_status=0,device_us=191,cycles=185388,repeat_equal=1
iteration,index=51,kind=steady,h2d_us=4.958,run_us=260.125,d2h_us=2.791,device_profile_status=0,device_us=191,cycles=185394,repeat_equal=1
iteration,index=52,kind=steady,h2d_us=5.458,run_us=243.084,d2h_us=2.333,device_profile_status=0,device_us=190,cycles=184849,repeat_equal=1
iteration,index=53,kind=steady,h2d_us=4.917,run_us=241.042,d2h_us=2.333,device_profile_status=0,device_us=191,cycles=184832,repeat_equal=1
iteration,index=54,kind=steady,h2d_us=4.875,run_us=240.375,d2h_us=2.375,device_profile_status=0,device_us=191,cycles=184852,repeat_equal=1
iteration,index=55,kind=steady,h2d_us=4.917,run_us=241.625,d2h_us=2.375,device_profile_status=0,device_us=191,cycles=184843,repeat_equal=1
iteration,index=56,kind=steady,h2d_us=5.542,run_us=240.875,d2h_us=2.417,device_profile_status=0,device_us=190,cycles=184177,repeat_equal=1
iteration,index=57,kind=steady,h2d_us=5.125,run_us=241.792,d2h_us=2.417,device_profile_status=0,device_us=191,cycles=186091,repeat_equal=1
iteration,index=58,kind=steady,h2d_us=4.875,run_us=239.792,d2h_us=2.375,device_profile_status=0,device_us=190,cycles=184748,repeat_equal=1
iteration,index=59,kind=steady,h2d_us=4.916,run_us=241.584,d2h_us=2.291,device_profile_status=0,device_us=191,cycles=184798,repeat_equal=1
iteration,index=60,kind=steady,h2d_us=4.875,run_us=239.708,d2h_us=2.334,device_profile_status=0,device_us=190,cycles=184427,repeat_equal=1
iteration,index=61,kind=steady,h2d_us=4.916,run_us=240.666,d2h_us=2.375,device_profile_status=0,device_us=191,cycles=184840,repeat_equal=1
iteration,index=62,kind=steady,h2d_us=4.958,run_us=240.458,d2h_us=2.375,device_profile_status=0,device_us=191,cycles=184864,repeat_equal=1
iteration,index=63,kind=steady,h2d_us=5.083,run_us=241.750,d2h_us=2.375,device_profile_status=0,device_us=191,cycles=185407,repeat_equal=1
iteration,index=64,kind=steady,h2d_us=4.833,run_us=239.667,d2h_us=2.292,device_profile_status=0,device_us=191,cycles=184598,repeat_equal=1
iteration,index=65,kind=steady,h2d_us=5.083,run_us=240.667,d2h_us=2.250,device_profile_status=0,device_us=191,cycles=184855,repeat_equal=1
iteration,index=66,kind=steady,h2d_us=5.000,run_us=240.334,d2h_us=2.291,device_profile_status=0,device_us=191,cycles=184853,repeat_equal=1
iteration,index=67,kind=steady,h2d_us=4.916,run_us=251.583,d2h_us=2.500,device_profile_status=0,device_us=191,cycles=185579,repeat_equal=1
iteration,index=68,kind=steady,h2d_us=5.375,run_us=242.000,d2h_us=2.375,device_profile_status=0,device_us=192,cycles=185352,repeat_equal=1
iteration,index=69,kind=steady,h2d_us=4.834,run_us=239.541,d2h_us=2.291,device_profile_status=0,device_us=189,cycles=184130,repeat_equal=1
iteration,index=70,kind=steady,h2d_us=4.875,run_us=240.541,d2h_us=2.291,device_profile_status=0,device_us=191,cycles=184824,repeat_equal=1
iteration,index=71,kind=steady,h2d_us=4.958,run_us=241.834,d2h_us=2.333,device_profile_status=0,device_us=191,cycles=185493,repeat_equal=1
iteration,index=72,kind=steady,h2d_us=4.916,run_us=239.334,d2h_us=2.333,device_profile_status=0,device_us=190,cycles=184267,repeat_equal=1
iteration,index=73,kind=steady,h2d_us=5.041,run_us=240.208,d2h_us=2.375,device_profile_status=0,device_us=191,cycles=184856,repeat_equal=1
iteration,index=74,kind=steady,h2d_us=4.917,run_us=240.666,d2h_us=2.375,device_profile_status=0,device_us=191,cycles=185896,repeat_equal=1
iteration,index=75,kind=steady,h2d_us=4.916,run_us=241.166,d2h_us=2.334,device_profile_status=0,device_us=191,cycles=184868,repeat_equal=1
iteration,index=76,kind=steady,h2d_us=4.917,run_us=239.750,d2h_us=2.292,device_profile_status=0,device_us=190,cycles=184615,repeat_equal=1
iteration,index=77,kind=steady,h2d_us=5.000,run_us=240.083,d2h_us=2.375,device_profile_status=0,device_us=190,cycles=184846,repeat_equal=1
iteration,index=78,kind=steady,h2d_us=4.875,run_us=240.667,d2h_us=2.375,device_profile_status=0,device_us=191,cycles=185426,repeat_equal=1
iteration,index=79,kind=steady,h2d_us=4.917,run_us=241.375,d2h_us=2.458,device_profile_status=0,device_us=191,cycles=184759,repeat_equal=1
iteration,index=80,kind=steady,h2d_us=4.958,run_us=239.209,d2h_us=2.333,device_profile_status=0,device_us=189,cycles=183984,repeat_equal=1
iteration,index=81,kind=steady,h2d_us=4.875,run_us=240.375,d2h_us=2.333,device_profile_status=0,device_us=191,cycles=184768,repeat_equal=1
iteration,index=82,kind=steady,h2d_us=5.000,run_us=247.542,d2h_us=2.792,device_profile_status=0,device_us=193,cycles=186190,repeat_equal=1
iteration,index=83,kind=steady,h2d_us=5.250,run_us=244.375,d2h_us=2.459,device_profile_status=0,device_us=192,cycles=186103,repeat_equal=1
iteration,index=84,kind=steady,h2d_us=5.042,run_us=240.291,d2h_us=2.292,device_profile_status=0,device_us=190,cycles=184742,repeat_equal=1
iteration,index=85,kind=steady,h2d_us=5.667,run_us=240.583,d2h_us=2.334,device_profile_status=0,device_us=189,cycles=184002,repeat_equal=1
iteration,index=86,kind=steady,h2d_us=5.042,run_us=241.417,d2h_us=2.333,device_profile_status=0,device_us=191,cycles=185409,repeat_equal=1
iteration,index=87,kind=steady,h2d_us=5.000,run_us=240.709,d2h_us=2.291,device_profile_status=0,device_us=190,cycles=184587,repeat_equal=1
iteration,index=88,kind=steady,h2d_us=4.958,run_us=240.959,d2h_us=2.333,device_profile_status=0,device_us=191,cycles=185769,repeat_equal=1
iteration,index=89,kind=steady,h2d_us=5.042,run_us=240.000,d2h_us=2.334,device_profile_status=0,device_us=190,cycles=184820,repeat_equal=1
iteration,index=90,kind=steady,h2d_us=4.958,run_us=239.334,d2h_us=2.250,device_profile_status=0,device_us=190,cycles=184231,repeat_equal=1
iteration,index=91,kind=steady,h2d_us=5.042,run_us=241.500,d2h_us=2.292,device_profile_status=0,device_us=190,cycles=184853,repeat_equal=1
iteration,index=92,kind=steady,h2d_us=5.042,run_us=239.875,d2h_us=2.292,device_profile_status=0,device_us=190,cycles=184491,repeat_equal=1
iteration,index=93,kind=steady,h2d_us=4.959,run_us=240.292,d2h_us=2.333,device_profile_status=0,device_us=191,cycles=184859,repeat_equal=1
iteration,index=94,kind=steady,h2d_us=5.000,run_us=240.458,d2h_us=2.292,device_profile_status=0,device_us=190,cycles=184863,repeat_equal=1
iteration,index=95,kind=steady,h2d_us=5.125,run_us=241.292,d2h_us=2.291,device_profile_status=0,device_us=191,cycles=184836,repeat_equal=1
iteration,index=96,kind=steady,h2d_us=5.250,run_us=239.125,d2h_us=2.375,device_profile_status=0,device_us=190,cycles=184226,repeat_equal=1
iteration,index=97,kind=steady,h2d_us=5.083,run_us=292.209,d2h_us=3.583,device_profile_status=0,device_us=193,cycles=186388,repeat_equal=1
iteration,index=98,kind=steady,h2d_us=5.375,run_us=242.708,d2h_us=2.458,device_profile_status=0,device_us=189,cycles=184133,repeat_equal=1
iteration,index=99,kind=steady,h2d_us=5.084,run_us=241.625,d2h_us=2.458,device_profile_status=0,device_us=190,cycles=185029,repeat_equal=1
