VIPLite driver software version 2.0.3.2-AW-2024-08-30
phase,name=init,time_us=3662.583
phase,name=create_network,time_us=306.459
network,inputs=2,outputs=1
tensor,kind=input,index=0,format=2,quant=1,dims=2,shape=720x1024
buffer,kind=input,index=0,bytes=737280
tensor,kind=input,index=1,format=2,quant=1,dims=2,shape=5440x1
buffer,kind=input,index=1,bytes=5440
tensor,kind=output,index=0,format=8,quant=1,dims=2,shape=4096x1
buffer,kind=output,index=0,bytes=16384
phase,name=create_buffers,time_us=560.875
phase,name=prepare,time_us=105.334
iteration,index=0,kind=first,h2d_us=595.709,run_us=9148.167,d2h_us=158.709,device_profile_status=0,device_us=8946,cycles=8936366,repeat_equal=1
iteration,index=1,kind=steady,h2d_us=261.792,run_us=8960.416,d2h_us=148.459,device_profile_status=0,device_us=8861,cycles=8916775,repeat_equal=1
iteration,index=2,kind=steady,h2d_us=298.958,run_us=9119.458,d2h_us=136.500,device_profile_status=0,device_us=8902,cycles=8917179,repeat_equal=1
iteration,index=3,kind=steady,h2d_us=267.916,run_us=9028.375,d2h_us=138.959,device_profile_status=0,device_us=8899,cycles=8939660,repeat_equal=1
iteration,index=4,kind=steady,h2d_us=255.084,run_us=9022.083,d2h_us=132.500,device_profile_status=0,device_us=8916,cycles=8920245,repeat_equal=1
iteration,index=5,kind=steady,h2d_us=259.500,run_us=9016.333,d2h_us=130.875,device_profile_status=0,device_us=8860,cycles=8915984,repeat_equal=1
iteration,index=6,kind=steady,h2d_us=256.000,run_us=8977.500,d2h_us=134.042,device_profile_status=0,device_us=8876,cycles=8927927,repeat_equal=1
iteration,index=7,kind=steady,h2d_us=298.291,run_us=8941.750,d2h_us=131.125,device_profile_status=0,device_us=8849,cycles=8903620,repeat_equal=1
iteration,index=8,kind=steady,h2d_us=247.000,run_us=9055.000,d2h_us=132.792,device_profile_status=0,device_us=8945,cycles=8918769,repeat_equal=1
iteration,index=9,kind=steady,h2d_us=251.125,run_us=9003.375,d2h_us=131.542,device_profile_status=0,device_us=8896,cycles=8945173,repeat_equal=1
iteration,index=10,kind=steady,h2d_us=253.458,run_us=8957.583,d2h_us=131.792,device_profile_status=0,device_us=8862,cycles=8916171,repeat_equal=1
iteration,index=11,kind=steady,h2d_us=250.917,run_us=8968.417,d2h_us=131.708,device_profile_status=0,device_us=8870,cycles=8924083,repeat_equal=1
iteration,index=12,kind=steady,h2d_us=247.958,run_us=9053.458,d2h_us=136.500,device_profile_status=0,device_us=8902,cycles=8914727,repeat_equal=1
iteration,index=13,kind=steady,h2d_us=254.208,run_us=9135.542,d2h_us=135.333,device_profile_status=0,device_us=8930,cycles=8895741,repeat_equal=1
iteration,index=14,kind=steady,h2d_us=238.792,run_us=8956.500,d2h_us=131.625,device_profile_status=0,device_us=8828,cycles=8884100,repeat_equal=1
iteration,index=15,kind=steady,h2d_us=273.000,run_us=9047.375,d2h_us=136.083,device_profile_status=0,device_us=8933,cycles=8894013,repeat_equal=1
iteration,index=16,kind=steady,h2d_us=248.542,run_us=9036.750,d2h_us=136.167,device_profile_status=0,device_us=8879,cycles=8894369,repeat_equal=1
iteration,index=17,kind=steady,h2d_us=241.750,run_us=9093.792,d2h_us=135.708,device_profile_status=0,device_us=8906,cycles=8890123,repeat_equal=1
iteration,index=18,kind=steady,h2d_us=242.959,run_us=9155.709,d2h_us=135.083,device_profile_status=0,device_us=8913,cycles=8894997,repeat_equal=1
iteration,index=19,kind=steady,h2d_us=237.875,run_us=8959.958,d2h_us=130.875,device_profile_status=0,device_us=8832,cycles=8889449,repeat_equal=1
iteration,index=20,kind=steady,h2d_us=235.500,run_us=9060.834,d2h_us=134.125,device_profile_status=0,device_us=8916,cycles=8886208,repeat_equal=1
iteration,index=21,kind=steady,h2d_us=238.875,run_us=9044.083,d2h_us=134.792,device_profile_status=0,device_us=8862,cycles=8887790,repeat_equal=1
iteration,index=22,kind=steady,h2d_us=241.792,run_us=8906.333,d2h_us=131.292,device_profile_status=0,device_us=8827,cycles=8886369,repeat_equal=1
iteration,index=23,kind=steady,h2d_us=239.250,run_us=9110.875,d2h_us=138.459,device_profile_status=0,device_us=8935,cycles=8894406,repeat_equal=1
iteration,index=24,kind=steady,h2d_us=242.084,run_us=8969.208,d2h_us=136.125,device_profile_status=0,device_us=8864,cycles=8886150,repeat_equal=1
iteration,index=25,kind=steady,h2d_us=246.375,run_us=9064.875,d2h_us=135.166,device_profile_status=0,device_us=8914,cycles=8889962,repeat_equal=1
iteration,index=26,kind=steady,h2d_us=243.708,run_us=9058.333,d2h_us=133.208,device_profile_status=0,device_us=8872,cycles=8892870,repeat_equal=1
iteration,index=27,kind=steady,h2d_us=243.209,run_us=8958.333,d2h_us=131.083,device_profile_status=0,device_us=8830,cycles=8887533,repeat_equal=1
iteration,index=28,kind=steady,h2d_us=232.750,run_us=9130.417,d2h_us=137.875,device_profile_status=0,device_us=8930,cycles=8898959,repeat_equal=1
iteration,index=29,kind=steady,h2d_us=256.667,run_us=9150.459,d2h_us=141.000,device_profile_status=0,device_us=8937,cycles=8936131,repeat_equal=1
iteration,index=30,kind=steady,h2d_us=265.250,run_us=9128.250,d2h_us=154.917,device_profile_status=0,device_us=8953,cycles=8952458,repeat_equal=1
iteration,index=31,kind=steady,h2d_us=255.250,run_us=9076.791,d2h_us=147.750,device_profile_status=0,device_us=8957,cycles=8928376,repeat_equal=1
iteration,index=32,kind=steady,h2d_us=282.000,run_us=9088.375,d2h_us=143.292,device_profile_status=0,device_us=8989,cycles=9044367,repeat_equal=1
iteration,index=33,kind=steady,h2d_us=306.417,run_us=9175.541,d2h_us=143.333,device_profile_status=0,device_us=8963,cycles=9016002,repeat_equal=1
iteration,index=34,kind=steady,h2d_us=261.000,run_us=9175.000,d2h_us=143.500,device_profile_status=0,device_us=9049,cycles=9003184,repeat_equal=1
iteration,index=35,kind=steady,h2d_us=260.500,run_us=9276.458,d2h_us=141.000,device_profile_status=0,device_us=9084,cycles=8976048,repeat_equal=1
iteration,index=36,kind=steady,h2d_us=256.875,run_us=9271.167,d2h_us=137.500,device_profile_status=0,device_us=9028,cycles=8948697,repeat_equal=1
iteration,index=37,kind=steady,h2d_us=246.583,run_us=9325.292,d2h_us=163.792,device_profile_status=0,device_us=9080,cycles=9021496,repeat_equal=1
iteration,index=38,kind=steady,h2d_us=603.625,run_us=9203.250,d2h_us=140.000,device_profile_status=0,device_us=9062,cycles=9030399,repeat_equal=1
iteration,index=39,kind=steady,h2d_us=299.542,run_us=9210.875,d2h_us=142.250,device_profile_status=0,device_us=8965,cycles=9011852,repeat_equal=1
iteration,index=40,kind=steady,h2d_us=277.584,run_us=9156.542,d2h_us=159.083,device_profile_status=0,device_us=8975,cycles=9030996,repeat_equal=1
iteration,index=41,kind=steady,h2d_us=288.417,run_us=9097.416,d2h_us=135.833,device_profile_status=0,device_us=8920,cycles=8976277,repeat_equal=1
iteration,index=42,kind=steady,h2d_us=288.375,run_us=9325.208,d2h_us=140.083,device_profile_status=0,device_us=9069,cycles=8967174,repeat_equal=1
iteration,index=43,kind=steady,h2d_us=249.167,run_us=9173.875,d2h_us=167.584,device_profile_status=0,device_us=8924,cycles=8934965,repeat_equal=1
iteration,index=44,kind=steady,h2d_us=282.125,run_us=9158.250,d2h_us=152.000,device_profile_status=0,device_us=8949,cycles=8983107,repeat_equal=1
iteration,index=45,kind=steady,h2d_us=294.542,run_us=9194.125,d2h_us=148.833,device_profile_status=0,device_us=9006,cycles=9007710,repeat_equal=1
iteration,index=46,kind=steady,h2d_us=300.209,run_us=9301.708,d2h_us=149.000,device_profile_status=0,device_us=9086,cycles=9008067,repeat_equal=1
iteration,index=47,kind=steady,h2d_us=272.750,run_us=9396.041,d2h_us=150.458,device_profile_status=0,device_us=9121,cycles=9009489,repeat_equal=1
iteration,index=48,kind=steady,h2d_us=272.042,run_us=9257.750,d2h_us=140.250,device_profile_status=0,device_us=9046,cycles=8995473,repeat_equal=1
iteration,index=49,kind=steady,h2d_us=254.458,run_us=9381.208,d2h_us=146.125,device_profile_status=0,device_us=9109,cycles=8992863,repeat_equal=1
iteration,index=50,kind=steady,h2d_us=257.584,run_us=9230.542,d2h_us=142.083,device_profile_status=0,device_us=8976,cycles=8975631,repeat_equal=1
iteration,index=51,kind=steady,h2d_us=293.250,run_us=9480.500,d2h_us=146.167,device_profile_status=0,device_us=9134,cycles=9004645,repeat_equal=1
iteration,index=52,kind=steady,h2d_us=277.125,run_us=9540.750,d2h_us=145.083,device_profile_status=0,device_us=9171,cycles=9027384,repeat_equal=1
iteration,index=53,kind=steady,h2d_us=266.125,run_us=9316.000,d2h_us=147.792,device_profile_status=0,device_us=9031,cycles=8968173,repeat_equal=1
iteration,index=54,kind=steady,h2d_us=289.875,run_us=9247.041,d2h_us=174.375,device_profile_status=0,device_us=9025,cycles=8954016,repeat_equal=1
iteration,index=55,kind=steady,h2d_us=293.000,run_us=9302.500,d2h_us=144.167,device_profile_status=0,device_us=9037,cycles=8993843,repeat_equal=1
iteration,index=56,kind=steady,h2d_us=291.250,run_us=9372.542,d2h_us=149.042,device_profile_status=0,device_us=9102,cycles=8993869,repeat_equal=1
iteration,index=57,kind=steady,h2d_us=298.250,run_us=9401.291,d2h_us=147.875,device_profile_status=0,device_us=9079,cycles=8977497,repeat_equal=1
iteration,index=58,kind=steady,h2d_us=304.334,run_us=9264.709,d2h_us=149.375,device_profile_status=0,device_us=9072,cycles=8991632,repeat_equal=1
iteration,index=59,kind=steady,h2d_us=342.459,run_us=9295.250,d2h_us=156.584,device_profile_status=0,device_us=8973,cycles=8963642,repeat_equal=1
iteration,index=60,kind=steady,h2d_us=274.875,run_us=9144.500,d2h_us=138.375,device_profile_status=0,device_us=8911,cycles=8917131,repeat_equal=1
iteration,index=61,kind=steady,h2d_us=247.875,run_us=8995.333,d2h_us=130.125,device_profile_status=0,device_us=8865,cycles=8894578,repeat_equal=1
iteration,index=62,kind=steady,h2d_us=217.792,run_us=8982.625,d2h_us=129.208,device_profile_status=0,device_us=8861,cycles=8888230,repeat_equal=1
iteration,index=63,kind=steady,h2d_us=219.041,run_us=8958.667,d2h_us=129.000,device_profile_status=0,device_us=8843,cycles=8873273,repeat_equal=1
iteration,index=64,kind=steady,h2d_us=208.708,run_us=8965.125,d2h_us=127.709,device_profile_status=0,device_us=8857,cycles=8879093,repeat_equal=1
iteration,index=65,kind=steady,h2d_us=203.833,run_us=8976.750,d2h_us=129.584,device_profile_status=0,device_us=8866,cycles=8894046,repeat_equal=1
iteration,index=66,kind=steady,h2d_us=204.750,run_us=8965.750,d2h_us=127.416,device_profile_status=0,device_us=8856,cycles=8887148,repeat_equal=1
iteration,index=67,kind=steady,h2d_us=228.500,run_us=8958.208,d2h_us=128.917,device_profile_status=0,device_us=8844,cycles=8872348,repeat_equal=1
iteration,index=68,kind=steady,h2d_us=203.709,run_us=8998.917,d2h_us=128.666,device_profile_status=0,device_us=8855,cycles=8880490,repeat_equal=1
iteration,index=69,kind=steady,h2d_us=201.584,run_us=8955.166,d2h_us=129.000,device_profile_status=0,device_us=8844,cycles=8872244,repeat_equal=1
iteration,index=70,kind=steady,h2d_us=234.791,run_us=9228.792,d2h_us=139.208,device_profile_status=0,device_us=8972,cycles=8878726,repeat_equal=1
iteration,index=71,kind=steady,h2d_us=228.166,run_us=9220.750,d2h_us=139.292,device_profile_status=0,device_us=8996,cycles=8890963,repeat_equal=1
iteration,index=72,kind=steady,h2d_us=228.416,run_us=9216.750,d2h_us=139.333,device_profile_status=0,device_us=8995,cycles=8887661,repeat_equal=1
iteration,index=73,kind=steady,h2d_us=230.583,run_us=9267.250,d2h_us=138.625,device_profile_status=0,device_us=8995,cycles=8889992,repeat_equal=1
iteration,index=74,kind=steady,h2d_us=229.541,run_us=9087.292,d2h_us=128.084,device_profile_status=0,device_us=8883,cycles=8877294,repeat_equal=1
iteration,index=75,kind=steady,h2d_us=201.375,run_us=9233.334,d2h_us=140.334,device_profile_status=0,device_us=8983,cycles=8877506,repeat_equal=1
iteration,index=76,kind=steady,h2d_us=230.583,run_us=9053.667,d2h_us=129.000,device_profile_status=0,device_us=8847,cycles=8875852,repeat_equal=1
iteration,index=77,kind=steady,h2d_us=197.375,run_us=9197.834,d2h_us=139.333,device_profile_status=0,device_us=8986,cycles=8881804,repeat_equal=1
iteration,index=78,kind=steady,h2d_us=231.208,run_us=9247.542,d2h_us=138.166,device_profile_status=0,device_us=8980,cycles=8875137,repeat_equal=1
iteration,index=79,kind=steady,h2d_us=228.292,run_us=9270.500,d2h_us=139.334,device_profile_status=0,device_us=9001,cycles=8894620,repeat_equal=1
iteration,index=80,kind=steady,h2d_us=229.667,run_us=9069.750,d2h_us=128.083,device_profile_status=0,device_us=8902,cycles=8890198,repeat_equal=1
iteration,index=81,kind=steady,h2d_us=202.542,run_us=9008.917,d2h_us=127.792,device_profile_status=0,device_us=8861,cycles=8890815,repeat_equal=1
iteration,index=82,kind=steady,h2d_us=202.208,run_us=9151.792,d2h_us=140.625,device_profile_status=0,device_us=8980,cycles=8876987,repeat_equal=1
iteration,index=83,kind=steady,h2d_us=230.917,run_us=9213.292,d2h_us=140.292,device_profile_status=0,device_us=8992,cycles=8890994,repeat_equal=1
iteration,index=84,kind=steady,h2d_us=226.750,run_us=9058.042,d2h_us=127.541,device_profile_status=0,device_us=8892,cycles=8887629,repeat_equal=1
iteration,index=85,kind=steady,h2d_us=204.000,run_us=9237.583,d2h_us=138.833,device_profile_status=0,device_us=8987,cycles=8883551,repeat_equal=1
iteration,index=86,kind=steady,h2d_us=228.000,run_us=9069.584,d2h_us=129.333,device_profile_status=0,device_us=8864,cycles=8885876,repeat_equal=1
iteration,index=87,kind=steady,h2d_us=197.167,run_us=9205.667,d2h_us=139.916,device_profile_status=0,device_us=8997,cycles=8894888,repeat_equal=1
iteration,index=88,kind=steady,h2d_us=228.666,run_us=9060.167,d2h_us=128.416,device_profile_status=0,device_us=8857,cycles=8883539,repeat_equal=1
iteration,index=89,kind=steady,h2d_us=213.083,run_us=9000.083,d2h_us=129.125,device_profile_status=0,device_us=8856,cycles=8885475,repeat_equal=1
iteration,index=90,kind=steady,h2d_us=209.958,run_us=9262.125,d2h_us=138.541,device_profile_status=0,device_us=9002,cycles=8890184,repeat_equal=1
iteration,index=91,kind=steady,h2d_us=229.958,run_us=9145.167,d2h_us=139.750,device_profile_status=0,device_us=8901,cycles=8888210,repeat_equal=1
iteration,index=92,kind=steady,h2d_us=234.375,run_us=9103.708,d2h_us=128.709,device_profile_status=0,device_us=8897,cycles=8892022,repeat_equal=1
iteration,index=93,kind=steady,h2d_us=210.625,run_us=9063.000,d2h_us=128.083,device_profile_status=0,device_us=8873,cycles=8869382,repeat_equal=1
iteration,index=94,kind=steady,h2d_us=201.958,run_us=9077.292,d2h_us=128.250,device_profile_status=0,device_us=8890,cycles=8885666,repeat_equal=1
iteration,index=95,kind=steady,h2d_us=242.542,run_us=9061.541,d2h_us=130.042,device_profile_status=0,device_us=8868,cycles=8882057,repeat_equal=1
iteration,index=96,kind=steady,h2d_us=274.750,run_us=9084.125,d2h_us=127.875,device_profile_status=0,device_us=8889,cycles=8883683,repeat_equal=1
iteration,index=97,kind=steady,h2d_us=207.875,run_us=9078.584,d2h_us=128.791,device_profile_status=0,device_us=8887,cycles=8883710,repeat_equal=1
iteration,index=98,kind=steady,h2d_us=205.000,run_us=9082.708,d2h_us=128.375,device_profile_status=0,device_us=8894,cycles=8890508,repeat_equal=1
iteration,index=99,kind=steady,h2d_us=201.167,run_us=9236.875,d2h_us=139.375,device_profile_status=0,device_us=8989,cycles=8886969,repeat_equal=1
