VIPLite driver software version 2.0.3.2-AW-2024-08-30
phase,name=init,time_us=3475.250
phase,name=create_network,time_us=323.750
network,inputs=2,outputs=1
tensor,kind=input,index=0,format=2,quant=1,dims=2,shape=720x1024
buffer,kind=input,index=0,bytes=737280
tensor,kind=input,index=1,format=2,quant=1,dims=2,shape=5440x1
buffer,kind=input,index=1,bytes=5440
tensor,kind=output,index=0,format=0,quant=1,dims=2,shape=1024x1
buffer,kind=output,index=0,bytes=4096
phase,name=create_buffers,time_us=515.750
phase,name=prepare,time_us=94.542
iteration,index=0,kind=first,h2d_us=539.458,run_us=23905.625,d2h_us=46.875,device_profile_status=0,device_us=23592,cycles=23653657,repeat_equal=1
iteration,index=1,kind=steady,h2d_us=228.291,run_us=23675.834,d2h_us=44.583,device_profile_status=0,device_us=23465,cycles=23628174,repeat_equal=1
iteration,index=2,kind=steady,h2d_us=234.042,run_us=23811.958,d2h_us=47.125,device_profile_status=0,device_us=23563,cycles=23625429,repeat_equal=1
iteration,index=3,kind=steady,h2d_us=227.416,run_us=23829.583,d2h_us=46.542,device_profile_status=0,device_us=23595,cycles=23638848,repeat_equal=1
iteration,index=4,kind=steady,h2d_us=230.792,run_us=23875.125,d2h_us=45.292,device_profile_status=0,device_us=23600,cycles=23643703,repeat_equal=1
iteration,index=5,kind=steady,h2d_us=229.542,run_us=23861.709,d2h_us=46.208,device_profile_status=0,device_us=23587,cycles=23630216,repeat_equal=1
iteration,index=6,kind=steady,h2d_us=229.208,run_us=23867.375,d2h_us=46.000,device_profile_status=0,device_us=23593,cycles=23635568,repeat_equal=1
iteration,index=7,kind=steady,h2d_us=228.417,run_us=23906.459,d2h_us=46.208,device_profile_status=0,device_us=23590,cycles=23633175,repeat_equal=1
iteration,index=8,kind=steady,h2d_us=283.291,run_us=23853.292,d2h_us=46.167,device_profile_status=0,device_us=23573,cycles=23624078,repeat_equal=1
iteration,index=9,kind=steady,h2d_us=229.166,run_us=23860.084,d2h_us=45.916,device_profile_status=0,device_us=23584,cycles=23627996,repeat_equal=1
iteration,index=10,kind=steady,h2d_us=228.209,run_us=23718.084,d2h_us=44.333,device_profile_status=0,device_us=23506,cycles=23623777,repeat_equal=1
iteration,index=11,kind=steady,h2d_us=235.208,run_us=23908.041,d2h_us=46.542,device_profile_status=0,device_us=23585,cycles=23630039,repeat_equal=1
iteration,index=12,kind=steady,h2d_us=227.583,run_us=23857.583,d2h_us=46.667,device_profile_status=0,device_us=23580,cycles=23621516,repeat_equal=1
iteration,index=13,kind=steady,h2d_us=227.791,run_us=23881.709,d2h_us=45.167,device_profile_status=0,device_us=23601,cycles=23642679,repeat_equal=1
iteration,index=14,kind=steady,h2d_us=228.250,run_us=23873.541,d2h_us=45.292,device_profile_status=0,device_us=23598,cycles=23637839,repeat_equal=1
iteration,index=15,kind=steady,h2d_us=228.750,run_us=23808.583,d2h_us=46.750,device_profile_status=0,device_us=23576,cycles=23618600,repeat_equal=1
iteration,index=16,kind=steady,h2d_us=227.833,run_us=23870.417,d2h_us=46.417,device_profile_status=0,device_us=23589,cycles=23637813,repeat_equal=1
iteration,index=17,kind=steady,h2d_us=227.500,run_us=23830.333,d2h_us=45.125,device_profile_status=0,device_us=23594,cycles=23639001,repeat_equal=1
iteration,index=18,kind=steady,h2d_us=230.417,run_us=23851.375,d2h_us=45.959,device_profile_status=0,device_us=23581,cycles=23623235,repeat_equal=1
iteration,index=19,kind=steady,h2d_us=228.708,run_us=23862.292,d2h_us=46.625,device_profile_status=0,device_us=23579,cycles=23623227,repeat_equal=1
