VIPLite driver software version 2.0.3.2-AW-2024-08-30
phase,name=init,time_us=3472.000
phase,name=create_network,time_us=430.750
network,inputs=2,outputs=1
tensor,kind=input,index=0,format=2,quant=1,dims=2,shape=655360x1
buffer,kind=input,index=0,bytes=655360
tensor,kind=input,index=1,format=3,quant=1,dims=2,shape=5120x1
buffer,kind=input,index=1,bytes=5120
tensor,kind=output,index=0,format=3,quant=1,dims=2,shape=1024x1
buffer,kind=output,index=0,bytes=1024
phase,name=create_buffers,time_us=499.375
phase,name=prepare,time_us=4007.917
iteration,index=0,kind=first,h2d_us=481.583,run_us=25975.291,d2h_us=13.042,device_profile_status=0,device_us=25740,cycles=25874150,repeat_equal=1
iteration,index=1,kind=steady,h2d_us=198.834,run_us=25928.792,d2h_us=13.083,device_profile_status=0,device_us=25755,cycles=25894263,repeat_equal=1
iteration,index=2,kind=steady,h2d_us=187.333,run_us=26104.292,d2h_us=22.583,device_profile_status=0,device_us=25885,cycles=25907694,repeat_equal=1
iteration,index=3,kind=steady,h2d_us=202.875,run_us=26117.416,d2h_us=22.667,device_profile_status=0,device_us=25851,cycles=25871312,repeat_equal=1
iteration,index=4,kind=steady,h2d_us=204.500,run_us=26221.667,d2h_us=21.792,device_profile_status=0,device_us=25954,cycles=25980181,repeat_equal=1
iteration,index=5,kind=steady,h2d_us=205.500,run_us=26080.833,d2h_us=22.542,device_profile_status=0,device_us=25852,cycles=25872931,repeat_equal=1
iteration,index=6,kind=steady,h2d_us=205.417,run_us=26076.541,d2h_us=21.417,device_profile_status=0,device_us=25815,cycles=25903503,repeat_equal=1
iteration,index=7,kind=steady,h2d_us=223.917,run_us=26174.834,d2h_us=22.708,device_profile_status=0,device_us=25892,cycles=25910189,repeat_equal=1
iteration,index=8,kind=steady,h2d_us=206.208,run_us=26175.875,d2h_us=15.584,device_profile_status=0,device_us=25868,cycles=25873237,repeat_equal=0
iteration,index=9,kind=steady,h2d_us=182.166,run_us=26161.541,d2h_us=17.291,device_profile_status=0,device_us=25854,cycles=25873490,repeat_equal=1
iteration,index=10,kind=steady,h2d_us=185.250,run_us=26125.500,d2h_us=16.709,device_profile_status=0,device_us=25853,cycles=25872007,repeat_equal=1
iteration,index=11,kind=steady,h2d_us=184.291,run_us=26167.500,d2h_us=16.584,device_profile_status=0,device_us=25850,cycles=25871607,repeat_equal=0
iteration,index=12,kind=steady,h2d_us=184.458,run_us=26173.583,d2h_us=17.333,device_profile_status=0,device_us=25854,cycles=25872450,repeat_equal=1
iteration,index=13,kind=steady,h2d_us=183.334,run_us=26262.625,d2h_us=45.542,device_profile_status=0,device_us=25974,cycles=26058142,repeat_equal=1
iteration,index=14,kind=steady,h2d_us=181.791,run_us=26188.958,d2h_us=15.291,device_profile_status=0,device_us=26000,cycles=26031122,repeat_equal=1
iteration,index=15,kind=steady,h2d_us=183.542,run_us=26395.792,d2h_us=16.625,device_profile_status=0,device_us=25933,cycles=25872746,repeat_equal=1
iteration,index=16,kind=steady,h2d_us=186.042,run_us=26144.167,d2h_us=6.333,device_profile_status=0,device_us=25836,cycles=25872666,repeat_equal=1
iteration,index=17,kind=steady,h2d_us=175.875,run_us=26393.459,d2h_us=16.417,device_profile_status=0,device_us=25975,cycles=25924041,repeat_equal=1
iteration,index=18,kind=steady,h2d_us=184.083,run_us=26330.958,d2h_us=16.667,device_profile_status=0,device_us=25950,cycles=25887446,repeat_equal=1
iteration,index=19,kind=steady,h2d_us=183.458,run_us=26404.667,d2h_us=16.542,device_profile_status=0,device_us=25936,cycles=25872221,repeat_equal=1
iteration,index=20,kind=steady,h2d_us=183.958,run_us=26404.875,d2h_us=16.542,device_profile_status=0,device_us=25936,cycles=25872353,repeat_equal=1
iteration,index=21,kind=steady,h2d_us=183.292,run_us=26343.375,d2h_us=16.291,device_profile_status=0,device_us=25962,cycles=25872605,repeat_equal=0
iteration,index=22,kind=steady,h2d_us=182.875,run_us=26320.416,d2h_us=16.625,device_profile_status=0,device_us=25934,cycles=25872810,repeat_equal=1
iteration,index=23,kind=steady,h2d_us=183.416,run_us=26456.666,d2h_us=16.666,device_profile_status=0,device_us=25937,cycles=25874516,repeat_equal=1
iteration,index=24,kind=steady,h2d_us=184.042,run_us=26322.500,d2h_us=16.542,device_profile_status=0,device_us=25862,cycles=25877721,repeat_equal=1
iteration,index=25,kind=steady,h2d_us=185.917,run_us=26414.542,d2h_us=16.333,device_profile_status=0,device_us=25934,cycles=25872453,repeat_equal=1
iteration,index=26,kind=steady,h2d_us=184.000,run_us=26395.209,d2h_us=17.250,device_profile_status=0,device_us=25974,cycles=25922196,repeat_equal=1
iteration,index=27,kind=steady,h2d_us=185.541,run_us=26469.459,d2h_us=16.583,device_profile_status=0,device_us=25998,cycles=25936106,repeat_equal=1
iteration,index=28,kind=steady,h2d_us=183.416,run_us=26449.166,d2h_us=16.666,device_profile_status=0,device_us=25978,cycles=25924604,repeat_equal=1
iteration,index=29,kind=steady,h2d_us=239.416,run_us=26448.875,d2h_us=18.000,device_profile_status=0,device_us=25982,cycles=25931683,repeat_equal=0
