VIPLite driver software version 2.0.3.2-AW-2024-08-30
phase,name=init,time_us=3370.167
phase,name=create_network,time_us=249.625
network,inputs=2,outputs=1
tensor,kind=input,index=0,format=2,quant=1,dims=2,shape=720x1024
buffer,kind=input,index=0,bytes=737280
tensor,kind=input,index=1,format=2,quant=1,dims=2,shape=5440x1
buffer,kind=input,index=1,bytes=5440
tensor,kind=output,index=0,format=0,quant=1,dims=2,shape=4096x1
buffer,kind=output,index=0,bytes=16384
phase,name=create_buffers,time_us=529.125
phase,name=prepare,time_us=92.834
iteration,index=0,kind=first,h2d_us=516.459,run_us=12948.041,d2h_us=156.417,device_profile_status=0,device_us=12776,cycles=12828880,repeat_equal=1
iteration,index=1,kind=steady,h2d_us=242.917,run_us=12907.500,d2h_us=134.625,device_profile_status=0,device_us=12762,cycles=12845238,repeat_equal=1
iteration,index=2,kind=steady,h2d_us=245.417,run_us=12849.667,d2h_us=130.750,device_profile_status=0,device_us=12748,cycles=12833510,repeat_equal=1
iteration,index=3,kind=steady,h2d_us=296.208,run_us=12863.750,d2h_us=132.792,device_profile_status=0,device_us=12758,cycles=12834942,repeat_equal=1
iteration,index=4,kind=steady,h2d_us=254.667,run_us=12935.666,d2h_us=132.292,device_profile_status=0,device_us=12740,cycles=12829411,repeat_equal=1
iteration,index=5,kind=steady,h2d_us=234.125,run_us=12857.375,d2h_us=152.208,device_profile_status=0,device_us=12729,cycles=12820335,repeat_equal=1
iteration,index=6,kind=steady,h2d_us=219.917,run_us=12828.500,d2h_us=130.709,device_profile_status=0,device_us=12731,cycles=12819801,repeat_equal=1
iteration,index=7,kind=steady,h2d_us=222.000,run_us=12868.208,d2h_us=128.666,device_profile_status=0,device_us=12747,cycles=12834308,repeat_equal=1
iteration,index=8,kind=steady,h2d_us=214.125,run_us=13102.583,d2h_us=139.625,device_profile_status=0,device_us=12866,cycles=12832203,repeat_equal=1
iteration,index=9,kind=steady,h2d_us=235.166,run_us=12954.708,d2h_us=130.334,device_profile_status=0,device_us=12737,cycles=12824203,repeat_equal=1
iteration,index=10,kind=steady,h2d_us=213.208,run_us=12844.791,d2h_us=132.917,device_profile_status=0,device_us=12750,cycles=12832490,repeat_equal=1
iteration,index=11,kind=steady,h2d_us=231.125,run_us=12917.209,d2h_us=132.125,device_profile_status=0,device_us=12740,cycles=12831420,repeat_equal=1
iteration,index=12,kind=steady,h2d_us=230.041,run_us=12976.500,d2h_us=138.667,device_profile_status=0,device_us=12764,cycles=12843045,repeat_equal=1
iteration,index=13,kind=steady,h2d_us=244.042,run_us=12851.000,d2h_us=136.333,device_profile_status=0,device_us=12746,cycles=12837611,repeat_equal=1
iteration,index=14,kind=steady,h2d_us=240.375,run_us=12897.792,d2h_us=133.125,device_profile_status=0,device_us=12770,cycles=12826252,repeat_equal=1
iteration,index=15,kind=steady,h2d_us=232.416,run_us=12967.917,d2h_us=131.500,device_profile_status=0,device_us=12765,cycles=12822923,repeat_equal=1
iteration,index=16,kind=steady,h2d_us=221.292,run_us=12904.083,d2h_us=138.208,device_profile_status=0,device_us=12752,cycles=12831742,repeat_equal=1
iteration,index=17,kind=steady,h2d_us=252.292,run_us=13067.000,d2h_us=139.834,device_profile_status=0,device_us=12864,cycles=12827989,repeat_equal=1
iteration,index=18,kind=steady,h2d_us=228.167,run_us=12876.541,d2h_us=131.916,device_profile_status=0,device_us=12745,cycles=12831848,repeat_equal=1
iteration,index=19,kind=steady,h2d_us=239.375,run_us=12905.625,d2h_us=132.041,device_profile_status=0,device_us=12729,cycles=12828748,repeat_equal=1
iteration,index=20,kind=steady,h2d_us=236.833,run_us=12855.250,d2h_us=131.541,device_profile_status=0,device_us=12734,cycles=12828765,repeat_equal=1
iteration,index=21,kind=steady,h2d_us=220.250,run_us=12879.750,d2h_us=130.333,device_profile_status=0,device_us=12762,cycles=12817839,repeat_equal=1
iteration,index=22,kind=steady,h2d_us=212.125,run_us=13008.625,d2h_us=135.875,device_profile_status=0,device_us=12782,cycles=12829561,repeat_equal=1
iteration,index=23,kind=steady,h2d_us=245.791,run_us=12860.125,d2h_us=130.792,device_profile_status=0,device_us=12733,cycles=12826992,repeat_equal=1
iteration,index=24,kind=steady,h2d_us=229.291,run_us=12885.042,d2h_us=128.667,device_profile_status=0,device_us=12730,cycles=12824850,repeat_equal=1
iteration,index=25,kind=steady,h2d_us=219.333,run_us=12843.541,d2h_us=136.334,device_profile_status=0,device_us=12745,cycles=12837452,repeat_equal=1
iteration,index=26,kind=steady,h2d_us=246.125,run_us=12865.459,d2h_us=130.834,device_profile_status=0,device_us=12731,cycles=12826589,repeat_equal=1
iteration,index=27,kind=steady,h2d_us=221.000,run_us=13104.542,d2h_us=139.208,device_profile_status=0,device_us=12873,cycles=12831096,repeat_equal=1
iteration,index=28,kind=steady,h2d_us=229.583,run_us=12947.959,d2h_us=137.458,device_profile_status=0,device_us=12783,cycles=12829859,repeat_equal=1
iteration,index=29,kind=steady,h2d_us=250.542,run_us=12923.583,d2h_us=132.791,device_profile_status=0,device_us=12741,cycles=12827151,repeat_equal=1
iteration,index=30,kind=steady,h2d_us=229.208,run_us=12889.084,d2h_us=129.791,device_profile_status=0,device_us=12725,cycles=12819061,repeat_equal=1
iteration,index=31,kind=steady,h2d_us=219.417,run_us=12899.375,d2h_us=146.459,device_profile_status=0,device_us=12743,cycles=12835152,repeat_equal=1
iteration,index=32,kind=steady,h2d_us=229.500,run_us=13142.833,d2h_us=139.917,device_profile_status=0,device_us=12868,cycles=12832268,repeat_equal=1
iteration,index=33,kind=steady,h2d_us=227.625,run_us=12892.250,d2h_us=129.166,device_profile_status=0,device_us=12750,cycles=12828372,repeat_equal=1
iteration,index=34,kind=steady,h2d_us=205.000,run_us=12930.417,d2h_us=129.792,device_profile_status=0,device_us=12793,cycles=12833549,repeat_equal=1
iteration,index=35,kind=steady,h2d_us=213.458,run_us=12942.875,d2h_us=129.291,device_profile_status=0,device_us=12733,cycles=12820607,repeat_equal=1
iteration,index=36,kind=steady,h2d_us=212.375,run_us=12944.792,d2h_us=138.000,device_profile_status=0,device_us=12783,cycles=12829578,repeat_equal=1
iteration,index=37,kind=steady,h2d_us=233.459,run_us=13068.541,d2h_us=138.625,device_profile_status=0,device_us=12869,cycles=12833650,repeat_equal=1
iteration,index=38,kind=steady,h2d_us=229.791,run_us=13107.750,d2h_us=138.500,device_profile_status=0,device_us=12859,cycles=12825788,repeat_equal=1
iteration,index=39,kind=steady,h2d_us=228.750,run_us=12898.667,d2h_us=139.041,device_profile_status=0,device_us=12744,cycles=12825434,repeat_equal=1
iteration,index=40,kind=steady,h2d_us=248.292,run_us=13083.291,d2h_us=139.542,device_profile_status=0,device_us=12852,cycles=12827341,repeat_equal=1
iteration,index=41,kind=steady,h2d_us=229.750,run_us=12999.791,d2h_us=139.125,device_profile_status=0,device_us=12780,cycles=12843695,repeat_equal=1
iteration,index=42,kind=steady,h2d_us=310.625,run_us=12892.416,d2h_us=136.583,device_profile_status=0,device_us=12730,cycles=12821866,repeat_equal=1
iteration,index=43,kind=steady,h2d_us=246.583,run_us=13088.625,d2h_us=138.542,device_profile_status=0,device_us=12853,cycles=12828239,repeat_equal=1
iteration,index=44,kind=steady,h2d_us=228.958,run_us=12981.708,d2h_us=137.000,device_profile_status=0,device_us=12776,cycles=12821937,repeat_equal=1
iteration,index=45,kind=steady,h2d_us=235.833,run_us=12896.459,d2h_us=130.125,device_profile_status=0,device_us=12767,cycles=12822738,repeat_equal=1
iteration,index=46,kind=steady,h2d_us=210.750,run_us=12985.958,d2h_us=138.250,device_profile_status=0,device_us=12791,cycles=12835862,repeat_equal=1
iteration,index=47,kind=steady,h2d_us=239.583,run_us=12839.917,d2h_us=132.709,device_profile_status=0,device_us=12740,cycles=12829688,repeat_equal=1
iteration,index=48,kind=steady,h2d_us=237.750,run_us=12911.875,d2h_us=139.000,device_profile_status=0,device_us=12757,cycles=12839859,repeat_equal=1
iteration,index=49,kind=steady,h2d_us=249.959,run_us=12928.916,d2h_us=135.084,device_profile_status=0,device_us=12782,cycles=12831074,repeat_equal=1
iteration,index=50,kind=steady,h2d_us=243.375,run_us=13067.875,d2h_us=138.875,device_profile_status=0,device_us=12871,cycles=12832202,repeat_equal=1
iteration,index=51,kind=steady,h2d_us=265.959,run_us=13071.750,d2h_us=139.750,device_profile_status=0,device_us=12870,cycles=12831739,repeat_equal=1
iteration,index=52,kind=steady,h2d_us=230.875,run_us=12934.500,d2h_us=137.042,device_profile_status=0,device_us=12777,cycles=12845190,repeat_equal=1
iteration,index=53,kind=steady,h2d_us=260.000,run_us=12949.916,d2h_us=137.750,device_profile_status=0,device_us=12750,cycles=12833091,repeat_equal=1
iteration,index=54,kind=steady,h2d_us=251.334,run_us=12920.208,d2h_us=133.958,device_profile_status=0,device_us=12737,cycles=12829554,repeat_equal=1
iteration,index=55,kind=steady,h2d_us=236.708,run_us=12852.292,d2h_us=132.792,device_profile_status=0,device_us=12727,cycles=12821656,repeat_equal=1
iteration,index=56,kind=steady,h2d_us=234.583,run_us=12875.750,d2h_us=131.916,device_profile_status=0,device_us=12751,cycles=12827513,repeat_equal=1
iteration,index=57,kind=steady,h2d_us=221.000,run_us=12899.750,d2h_us=130.708,device_profile_status=0,device_us=12734,cycles=12827657,repeat_equal=1
iteration,index=58,kind=steady,h2d_us=218.167,run_us=12980.500,d2h_us=139.209,device_profile_status=0,device_us=12801,cycles=12823820,repeat_equal=1
iteration,index=59,kind=steady,h2d_us=230.292,run_us=12921.375,d2h_us=139.459,device_profile_status=0,device_us=12751,cycles=12829499,repeat_equal=1
iteration,index=60,kind=steady,h2d_us=233.333,run_us=12955.166,d2h_us=136.333,device_profile_status=0,device_us=12760,cycles=12829761,repeat_equal=1
iteration,index=61,kind=steady,h2d_us=248.500,run_us=12893.333,d2h_us=138.250,device_profile_status=0,device_us=12760,cycles=12835541,repeat_equal=1
iteration,index=62,kind=steady,h2d_us=246.750,run_us=13061.250,d2h_us=139.084,device_profile_status=0,device_us=12855,cycles=12831164,repeat_equal=1
iteration,index=63,kind=steady,h2d_us=230.625,run_us=13048.792,d2h_us=137.542,device_profile_status=0,device_us=12846,cycles=12820163,repeat_equal=1
iteration,index=64,kind=steady,h2d_us=228.875,run_us=12900.708,d2h_us=128.417,device_profile_status=0,device_us=12772,cycles=12825499,repeat_equal=1
iteration,index=65,kind=steady,h2d_us=237.750,run_us=12981.834,d2h_us=136.667,device_profile_status=0,device_us=12759,cycles=12830207,repeat_equal=1
iteration,index=66,kind=steady,h2d_us=254.917,run_us=12932.875,d2h_us=137.417,device_profile_status=0,device_us=12753,cycles=12833685,repeat_equal=1
iteration,index=67,kind=steady,h2d_us=244.042,run_us=12878.541,d2h_us=134.000,device_profile_status=0,device_us=12729,cycles=12823962,repeat_equal=1
iteration,index=68,kind=steady,h2d_us=235.833,run_us=12850.875,d2h_us=130.083,device_profile_status=0,device_us=12730,cycles=12824817,repeat_equal=1
iteration,index=69,kind=steady,h2d_us=223.875,run_us=13053.708,d2h_us=138.958,device_profile_status=0,device_us=12863,cycles=12827764,repeat_equal=1
iteration,index=70,kind=steady,h2d_us=230.250,run_us=13158.667,d2h_us=139.041,device_profile_status=0,device_us=12869,cycles=12828398,repeat_equal=1
iteration,index=71,kind=steady,h2d_us=229.000,run_us=12982.167,d2h_us=138.584,device_profile_status=0,device_us=12779,cycles=12825390,repeat_equal=1
iteration,index=72,kind=steady,h2d_us=235.750,run_us=12871.500,d2h_us=130.708,device_profile_status=0,device_us=12735,cycles=12825433,repeat_equal=1
iteration,index=73,kind=steady,h2d_us=223.250,run_us=12894.333,d2h_us=130.750,device_profile_status=0,device_us=12765,cycles=12820232,repeat_equal=1
iteration,index=74,kind=steady,h2d_us=221.333,run_us=12860.000,d2h_us=132.125,device_profile_status=0,device_us=12734,cycles=12824492,repeat_equal=1
iteration,index=75,kind=steady,h2d_us=227.291,run_us=12866.708,d2h_us=133.083,device_profile_status=0,device_us=12740,cycles=12835058,repeat_equal=1
iteration,index=76,kind=steady,h2d_us=239.667,run_us=12851.833,d2h_us=132.208,device_profile_status=0,device_us=12730,cycles=12824510,repeat_equal=1
iteration,index=77,kind=steady,h2d_us=239.541,run_us=13057.500,d2h_us=138.459,device_profile_status=0,device_us=12862,cycles=12827705,repeat_equal=1
iteration,index=78,kind=steady,h2d_us=230.541,run_us=13034.458,d2h_us=136.958,device_profile_status=0,device_us=12784,cycles=12829476,repeat_equal=1
iteration,index=79,kind=steady,h2d_us=266.125,run_us=12942.875,d2h_us=128.875,device_profile_status=0,device_us=12772,cycles=12827816,repeat_equal=1
iteration,index=80,kind=steady,h2d_us=209.834,run_us=12860.000,d2h_us=130.833,device_profile_status=0,device_us=12732,cycles=12821517,repeat_equal=1
iteration,index=81,kind=steady,h2d_us=215.750,run_us=12893.459,d2h_us=128.917,device_profile_status=0,device_us=12732,cycles=12827277,repeat_equal=1
iteration,index=82,kind=steady,h2d_us=208.667,run_us=13056.375,d2h_us=138.500,device_profile_status=0,device_us=12853,cycles=12827300,repeat_equal=1
iteration,index=83,kind=steady,h2d_us=229.500,run_us=12962.792,d2h_us=139.709,device_profile_status=0,device_us=12778,cycles=12825916,repeat_equal=1
iteration,index=84,kind=steady,h2d_us=228.917,run_us=12852.916,d2h_us=129.000,device_profile_status=0,device_us=12731,cycles=12825996,repeat_equal=1
iteration,index=85,kind=steady,h2d_us=213.708,run_us=13145.583,d2h_us=139.083,device_profile_status=0,device_us=12864,cycles=12836110,repeat_equal=1
iteration,index=86,kind=steady,h2d_us=230.042,run_us=12946.208,d2h_us=138.500,device_profile_status=0,device_us=12744,cycles=12824472,repeat_equal=1
iteration,index=87,kind=steady,h2d_us=236.292,run_us=12921.791,d2h_us=130.458,device_profile_status=0,device_us=12740,cycles=12827181,repeat_equal=1
iteration,index=88,kind=steady,h2d_us=223.042,run_us=12892.334,d2h_us=129.292,device_profile_status=0,device_us=12730,cycles=12824030,repeat_equal=1
iteration,index=89,kind=steady,h2d_us=213.416,run_us=12853.834,d2h_us=129.416,device_profile_status=0,device_us=12738,cycles=12831824,repeat_equal=1
iteration,index=90,kind=steady,h2d_us=210.834,run_us=12858.458,d2h_us=128.666,device_profile_status=0,device_us=12741,cycles=12829950,repeat_equal=1
iteration,index=91,kind=steady,h2d_us=208.667,run_us=13097.708,d2h_us=138.541,device_profile_status=0,device_us=12872,cycles=12829412,repeat_equal=1
iteration,index=92,kind=steady,h2d_us=228.500,run_us=13042.875,d2h_us=138.416,device_profile_status=0,device_us=12842,cycles=12817476,repeat_equal=1
iteration,index=93,kind=steady,h2d_us=226.666,run_us=12883.209,d2h_us=132.125,device_profile_status=0,device_us=12738,cycles=12828280,repeat_equal=1
iteration,index=94,kind=steady,h2d_us=237.625,run_us=12874.208,d2h_us=130.875,device_profile_status=0,device_us=12739,cycles=12824531,repeat_equal=1
iteration,index=95,kind=steady,h2d_us=232.416,run_us=12853.333,d2h_us=130.500,device_profile_status=0,device_us=12731,cycles=12824604,repeat_equal=1
iteration,index=96,kind=steady,h2d_us=227.333,run_us=13097.583,d2h_us=138.583,device_profile_status=0,device_us=12871,cycles=12826392,repeat_equal=1
iteration,index=97,kind=steady,h2d_us=227.875,run_us=13095.750,d2h_us=139.000,device_profile_status=0,device_us=12859,cycles=12824480,repeat_equal=1
iteration,index=98,kind=steady,h2d_us=228.166,run_us=13051.917,d2h_us=137.417,device_profile_status=0,device_us=12853,cycles=12825231,repeat_equal=1
iteration,index=99,kind=steady,h2d_us=229.417,run_us=13059.291,d2h_us=138.583,device_profile_status=0,device_us=12861,cycles=12825293,repeat_equal=1
